torch.Size([4, 5, 512, 512])
